> Task :sado-common:compileJava UP-TO-DATE
> Task :sado-common:processResources NO-SOURCE
> Task :sado-common:classes UP-TO-DATE
> Task :sado-common:jar UP-TO-DATE
> Task :sado-minipacs:compileJava UP-TO-DATE
> Task :sado-minipacs:processResources UP-TO-DATE
> Task :sado-minipacs:classes UP-TO-DATE
> Task :sado-minipacs:resolveMainClassName

> Task :sado-minipacs:bootRun

  .   ____          _            __ _ _
 /\\ / ___'_ __ _ _(_)_ __  __ _ \ \ \ \
( ( )\___ | '_ | '_| | '_ \/ _` | \ \ \ \
 \\/  ___)| |_)| | | | | || (_| |  ) ) ) )
  '  |____| .__|_| |_|_| |_\__, | / / / /
 =========|_|==============|___/=/_/_/_/

 :: Spring Boot ::                (v4.0.1)

2026-01-01 20:44:42 [main] INFO  c.h.s.minipacs.MiniPacsApplication - Starting MiniPacsApplication using Java 21.0.2 with PID 25784 (C:\Users\amagr\project\sado\sado_be\sado-minipacs\build\classes\java\main started by amagr in C:\Users\amagr\project\sado\sado_be\sado-minipacs)
2026-01-01 20:44:42 [main] DEBUG c.h.s.minipacs.MiniPacsApplication - Running with Spring Boot v4.0.1, Spring v7.0.2
2026-01-01 20:44:42 [main] INFO  c.h.s.minipacs.MiniPacsApplication - No active profile set, falling back to 1 default profile: "default"
2026-01-01 20:44:43 [main] INFO  o.s.d.r.c.RepositoryConfigurationDelegate - Bootstrapping Spring Data JPA repositories in DEFAULT mode.
2026-01-01 20:44:43 [main] INFO  o.s.d.r.c.RepositoryConfigurationDelegate - Finished Spring Data repository scanning in 97 ms. Found 7 JPA repository interfaces.
2026-01-01 20:44:44 [main] INFO  o.s.boot.tomcat.TomcatWebServer - Tomcat initialized with port 10201 (http)
2026-01-01 20:44:44 [main] INFO  o.a.catalina.core.StandardService - Starting service [Tomcat]
2026-01-01 20:44:44 [main] INFO  o.a.catalina.core.StandardEngine - Starting Servlet engine: [Apache Tomcat/11.0.15]
2026-01-01 20:44:44 [main] INFO  o.s.b.w.c.s.WebApplicationContextInitializer - Root WebApplicationContext: initialization completed in 2282 ms
2026-01-01 20:44:44 [main] INFO  org.hibernate.orm.jpa - HHH008540: Processing PersistenceUnitInfo [name: default]
2026-01-01 20:44:45 [main] INFO  org.hibernate.orm.core - HHH000001: Hibernate ORM core version 7.2.0.Final
2026-01-01 20:44:45 [main] INFO  o.s.o.j.p.SpringPersistenceUnitInfo - No LoadTimeWeaver setup: ignoring JPA class transformer
2026-01-01 20:44:46 [main] INFO  com.zaxxer.hikari.HikariDataSource - HikariPool-1 - Starting...
2026-01-01 20:44:46 [main] INFO  com.zaxxer.hikari.pool.HikariPool - HikariPool-1 - Added connection com.mysql.cj.jdbc.ConnectionImpl@3883b5e9
2026-01-01 20:44:46 [main] INFO  com.zaxxer.hikari.HikariDataSource - HikariPool-1 - Start completed.
2026-01-01 20:44:46 [main] WARN  org.hibernate.orm.deprecation - HHH90000025: MySQLDialect does not need to be specified explicitly using 'hibernate.dialect' (remove the property setting and it will be selected by default)
2026-01-01 20:44:46 [main] INFO  o.hibernate.orm.connections.pooling - HHH10001005: Database info:
	Database JDBC URL [jdbc:mysql://localhost:10100/sado_db?useSSL=false&allowPublicKeyRetrieval=true&serverTimezone=Asia/Seoul&characterEncoding=UTF-8]
	Database driver: MySQL Connector/J
	Database dialect: MySQLDialect
	Database version: 8.0.43
	Default catalog/schema: sado_db/undefined
	Autocommit mode: undefined/unknown
	Isolation level: REPEATABLE_READ [default REPEATABLE_READ]
	JDBC fetch size: none
	Pool: DataSourceConnectionProvider
	Minimum pool size: undefined/unknown
	Maximum pool size: undefined/unknown
2026-01-01 20:44:48 [main] INFO  org.hibernate.orm.core - HHH000489: No JTA platform available (set 'hibernate.transaction.jta.platform' to enable JTA platform integration)
2026-01-01 20:44:48 [main] DEBUG org.hibernate.SQL - 
    alter table instance 
       drop 
       foreign key FKr43nt2igtsejhvqrryj7t6g69
Hibernate: 
    alter table instance 
       drop 
       foreign key FKr43nt2igtsejhvqrryj7t6g69
2026-01-01 20:44:48 [main] DEBUG org.hibernate.SQL - 
    alter table series 
       drop 
       foreign key FK24l8fb5uhc25x4tswjobe9foi
Hibernate: 
    alter table series 
       drop 
       foreign key FK24l8fb5uhc25x4tswjobe9foi
2026-01-01 20:44:48 [main] DEBUG org.hibernate.SQL - 
    alter table study 
       drop 
       foreign key FKdrg7o8kpt69qx8h28v21w0shx
Hibernate: 
    alter table study 
       drop 
       foreign key FKdrg7o8kpt69qx8h28v21w0shx
2026-01-01 20:44:48 [main] DEBUG org.hibernate.SQL - 
    alter table validation_log 
       drop 
       foreign key FKbcc8u9n7t1e5avl2kwisod0ny
Hibernate: 
    alter table validation_log 
       drop 
       foreign key FKbcc8u9n7t1e5avl2kwisod0ny
2026-01-01 20:44:48 [main] DEBUG org.hibernate.SQL - 
    drop table if exists dicom_metadata_record
Hibernate: 
    drop table if exists dicom_metadata_record
2026-01-01 20:44:48 [main] DEBUG org.hibernate.SQL - 
    drop table if exists file_assets
Hibernate: 
    drop table if exists file_assets
2026-01-01 20:44:48 [main] DEBUG org.hibernate.SQL - 
    drop table if exists instance
Hibernate: 
    drop table if exists instance
2026-01-01 20:44:49 [main] DEBUG org.hibernate.SQL - 
    drop table if exists patient
Hibernate: 
    drop table if exists patient
2026-01-01 20:44:49 [main] DEBUG org.hibernate.SQL - 
    drop table if exists series
Hibernate: 
    drop table if exists series
2026-01-01 20:44:49 [main] DEBUG org.hibernate.SQL - 
    drop table if exists study
Hibernate: 
    drop table if exists study
2026-01-01 20:44:49 [main] DEBUG org.hibernate.SQL - 
    drop table if exists validation_log
Hibernate: 
    drop table if exists validation_log
2026-01-01 20:44:49 [main] DEBUG org.hibernate.SQL - 
    create table dicom_metadata_record (
        is_immutable bit not null,
        created_at datetime(6) not null,
        file_size bigint,
        id bigint not null auto_increment,
        instance_id bigint,
        tenant_id bigint not null,
        updated_at datetime(6) not null,
        file_hash varchar(64),
        series_instance_uid varchar(256),
        sop_instance_uid varchar(256),
        study_instance_uid varchar(256),
        filename varchar(512),
        file_path varchar(1024),
        metadata JSON not null,
        primary key (id)
    ) engine=InnoDB
Hibernate: 
    create table dicom_metadata_record (
        is_immutable bit not null,
        created_at datetime(6) not null,
        file_size bigint,
        id bigint not null auto_increment,
        instance_id bigint,
        tenant_id bigint not null,
        updated_at datetime(6) not null,
        file_hash varchar(64),
        series_instance_uid varchar(256),
        sop_instance_uid varchar(256),
        study_instance_uid varchar(256),
        filename varchar(512),
        file_path varchar(1024),
        metadata JSON not null,
        primary key (id)
    ) engine=InnoDB
2026-01-01 20:44:49 [main] DEBUG org.hibernate.SQL - 
    create table file_assets (
        created_at datetime(6) not null,
        expires_at datetime(6),
        file_size bigint not null,
        id bigint not null auto_increment,
        last_accessed_at datetime(6),
        reference_id bigint not null,
        tenant_id bigint not null,
        updated_at datetime(6) not null,
        storage_tier varchar(16),
        checksum varchar(128),
        mime_type varchar(128) not null,
        storage_path varchar(512) not null,
        file_name varchar(255) not null,
        metadata TEXT,
        category enum ('AI_RESULT','CLINICAL_DOC','DICOM','EXPORT','SYSTEM') not null,
        reference_type enum ('AI_ANALYSIS','INSTANCE','PATIENT','SERIES','STUDY') not null,
        status enum ('ACTIVE','ARCHIVED','DELETED','EXPIRED') not null,
        primary key (id)
    ) engine=InnoDB
Hibernate: 
    create table file_assets (
        created_at datetime(6) not null,
        expires_at datetime(6),
        file_size bigint not null,
        id bigint not null auto_increment,
        last_accessed_at datetime(6),
        reference_id bigint not null,
        tenant_id bigint not null,
        updated_at datetime(6) not null,
        storage_tier varchar(16),
        checksum varchar(128),
        mime_type varchar(128) not null,
        storage_path varchar(512) not null,
        file_name varchar(255) not null,
        metadata TEXT,
        category enum ('AI_RESULT','CLINICAL_DOC','DICOM','EXPORT','SYSTEM') not null,
        reference_type enum ('AI_ANALYSIS','INSTANCE','PATIENT','SERIES','STUDY') not null,
        status enum ('ACTIVE','ARCHIVED','DELETED','EXPIRED') not null,
        primary key (id)
    ) engine=InnoDB
2026-01-01 20:44:49 [main] DEBUG org.hibernate.SQL - 
    create table instance (
        frame_rate float(53),
        image_columns integer,
        image_rows integer,
        instance_number integer,
        number_of_frames integer,
        created_at datetime(6) not null,
        file_size bigint,
        id bigint not null auto_increment,
        series_id bigint not null,
        tenant_id bigint not null,
        updated_at datetime(6) not null,
        frame_rate_source varchar(32),
        sop_class_uid varchar(128),
        sop_instance_uid varchar(256),
        storage_path varchar(512),
        thumbnail_path varchar(512),
        video_path varchar(512),
        storage_tier enum ('COLD','HOT','WARM'),
        transcoding_status enum ('COMPLETED','FAILED','NONE','PENDING','PROCESSING'),
        primary key (id)
    ) engine=InnoDB
Hibernate: 
    create table instance (
        frame_rate float(53),
        image_columns integer,
        image_rows integer,
        instance_number integer,
        number_of_frames integer,
        created_at datetime(6) not null,
        file_size bigint,
        id bigint not null auto_increment,
        series_id bigint not null,
        tenant_id bigint not null,
        updated_at datetime(6) not null,
        frame_rate_source varchar(32),
        sop_class_uid varchar(128),
        sop_instance_uid varchar(256),
        storage_path varchar(512),
        thumbnail_path varchar(512),
        video_path varchar(512),
        storage_tier enum ('COLD','HOT','WARM'),
        transcoding_status enum ('COMPLETED','FAILED','NONE','PENDING','PROCESSING'),
        primary key (id)
    ) engine=InnoDB
2026-01-01 20:44:49 [main] DEBUG org.hibernate.SQL - 
    create table patient (
        matching_confidence float(53),
        patient_birth_date date,
        created_at datetime(6) not null,
        id bigint not null auto_increment,
        tenant_id bigint not null,
        updated_at datetime(6) not null,
        patient_sex varchar(16),
        issuer_type_code varchar(64),
        emr_patient_id varchar(100),
        dicom_patient_id varchar(256),
        issuer_of_patient_id varchar(256),
        patient_name varchar(512),
        matching_status enum ('AUTO_MATCHED','MANUALLY_CONFIRMED','REQUIRES_REVIEW','UNMAPPED'),
        primary key (id)
    ) engine=InnoDB
Hibernate: 
    create table patient (
        matching_confidence float(53),
        patient_birth_date date,
        created_at datetime(6) not null,
        id bigint not null auto_increment,
        tenant_id bigint not null,
        updated_at datetime(6) not null,
        patient_sex varchar(16),
        issuer_type_code varchar(64),
        emr_patient_id varchar(100),
        dicom_patient_id varchar(256),
        issuer_of_patient_id varchar(256),
        patient_name varchar(512),
        matching_status enum ('AUTO_MATCHED','MANUALLY_CONFIRMED','REQUIRES_REVIEW','UNMAPPED'),
        primary key (id)
    ) engine=InnoDB
2026-01-01 20:44:49 [main] DEBUG org.hibernate.SQL - 
    create table series (
        number_of_instances integer,
        series_number integer,
        created_at datetime(6) not null,
        id bigint not null auto_increment,
        study_id bigint not null,
        tenant_id bigint not null,
        updated_at datetime(6) not null,
        modality varchar(16),
        body_part_examined varchar(64),
        manufacturer varchar(256),
        manufacturer_model_name varchar(256),
        series_instance_uid varchar(256) not null,
        series_description varchar(512),
        primary key (id)
    ) engine=InnoDB
Hibernate: 
    create table series (
        number_of_instances integer,
        series_number integer,
        created_at datetime(6) not null,
        id bigint not null auto_increment,
        study_id bigint not null,
        tenant_id bigint not null,
        updated_at datetime(6) not null,
        modality varchar(16),
        body_part_examined varchar(64),
        manufacturer varchar(256),
        manufacturer_model_name varchar(256),
        series_instance_uid varchar(256) not null,
        series_description varchar(512),
        primary key (id)
    ) engine=InnoDB
2026-01-01 20:44:50 [main] DEBUG org.hibernate.SQL - 
    create table study (
        number_of_instances integer,
        number_of_series integer,
        study_date date,
        created_at datetime(6) not null,
        id bigint not null auto_increment,
        patient_id bigint not null,
        tenant_id bigint not null,
        updated_at datetime(6) not null,
        study_instance_uid varchar(256) not null,
        study_description varchar(255),
        primary key (id)
    ) engine=InnoDB
Hibernate: 
    create table study (
        number_of_instances integer,
        number_of_series integer,
        study_date date,
        created_at datetime(6) not null,
        id bigint not null auto_increment,
        patient_id bigint not null,
        tenant_id bigint not null,
        updated_at datetime(6) not null,
        study_instance_uid varchar(256) not null,
        study_description varchar(255),
        primary key (id)
    ) engine=InnoDB
2026-01-01 20:44:50 [main] DEBUG org.hibernate.SQL - 
    create table validation_log (
        created_at datetime(6) not null,
        dicom_metadata_record_id bigint not null,
        id bigint not null auto_increment,
        tenant_id bigint not null,
        updated_at datetime(6) not null,
        validated_at datetime(6) not null,
        validator_version varchar(32),
        issues JSON,
        validation_category enum ('DATA_INTEGRITY','DICOM_CONFORMANCE','DUPLICATE_CHECK','MANDATORY_TAGS') not null,
        validation_level enum ('LEVEL_1','LEVEL_2','LEVEL_3') not null,
        validation_status enum ('ERROR','SUCCESS','WARNING') not null,
        primary key (id)
    ) engine=InnoDB
Hibernate: 
    create table validation_log (
        created_at datetime(6) not null,
        dicom_metadata_record_id bigint not null,
        id bigint not null auto_increment,
        tenant_id bigint not null,
        updated_at datetime(6) not null,
        validated_at datetime(6) not null,
        validator_version varchar(32),
        issues JSON,
        validation_category enum ('DATA_INTEGRITY','DICOM_CONFORMANCE','DUPLICATE_CHECK','MANDATORY_TAGS') not null,
        validation_level enum ('LEVEL_1','LEVEL_2','LEVEL_3') not null,
        validation_status enum ('ERROR','SUCCESS','WARNING') not null,
        primary key (id)
    ) engine=InnoDB
2026-01-01 20:44:50 [main] DEBUG org.hibernate.SQL - 
    alter table dicom_metadata_record 
       add constraint UKt0jc9qydat1l27k5dspotox3x unique (file_hash)
Hibernate: 
    alter table dicom_metadata_record 
       add constraint UKt0jc9qydat1l27k5dspotox3x unique (file_hash)
2026-01-01 20:44:50 [main] DEBUG org.hibernate.SQL - 
    create index idx_file_assets_reference 
       on file_assets (reference_type, reference_id)
Hibernate: 
    create index idx_file_assets_reference 
       on file_assets (reference_type, reference_id)
2026-01-01 20:44:50 [main] DEBUG org.hibernate.SQL - 
    create index idx_file_assets_category_status 
       on file_assets (category, status)
Hibernate: 
    create index idx_file_assets_category_status 
       on file_assets (category, status)
2026-01-01 20:44:50 [main] DEBUG org.hibernate.SQL - 
    create index idx_file_assets_expires_at 
       on file_assets (expires_at)
Hibernate: 
    create index idx_file_assets_expires_at 
       on file_assets (expires_at)
2026-01-01 20:44:50 [main] DEBUG org.hibernate.SQL - 
    create index idx_file_assets_tenant_id 
       on file_assets (tenant_id)
Hibernate: 
    create index idx_file_assets_tenant_id 
       on file_assets (tenant_id)
2026-01-01 20:44:50 [main] DEBUG org.hibernate.SQL - 
    alter table file_assets 
       add constraint UKsdi9fwiwgq1kvkd1c31cwbw7n unique (storage_path)
Hibernate: 
    alter table file_assets 
       add constraint UKsdi9fwiwgq1kvkd1c31cwbw7n unique (storage_path)
2026-01-01 20:44:50 [main] DEBUG org.hibernate.SQL - 
    alter table instance 
       add constraint uk_sop_instance_uid unique (tenant_id, sop_instance_uid)
Hibernate: 
    alter table instance 
       add constraint uk_sop_instance_uid unique (tenant_id, sop_instance_uid)
2026-01-01 20:44:50 [main] DEBUG org.hibernate.SQL - 
    alter table patient 
       add constraint uk_patient_identity unique (tenant_id, dicom_patient_id, issuer_of_patient_id)
Hibernate: 
    alter table patient 
       add constraint uk_patient_identity unique (tenant_id, dicom_patient_id, issuer_of_patient_id)
2026-01-01 20:44:50 [main] DEBUG org.hibernate.SQL - 
    alter table series 
       add constraint uk_series_instance_uid unique (tenant_id, series_instance_uid)
Hibernate: 
    alter table series 
       add constraint uk_series_instance_uid unique (tenant_id, series_instance_uid)
2026-01-01 20:44:51 [main] DEBUG org.hibernate.SQL - 
    alter table study 
       add constraint uk_study_instance_uid unique (tenant_id, study_instance_uid)
Hibernate: 
    alter table study 
       add constraint uk_study_instance_uid unique (tenant_id, study_instance_uid)
2026-01-01 20:44:51 [main] DEBUG org.hibernate.SQL - 
    alter table instance 
       add constraint FKr43nt2igtsejhvqrryj7t6g69 
       foreign key (series_id) 
       references series (id)
Hibernate: 
    alter table instance 
       add constraint FKr43nt2igtsejhvqrryj7t6g69 
       foreign key (series_id) 
       references series (id)
2026-01-01 20:44:51 [main] DEBUG org.hibernate.SQL - 
    alter table series 
       add constraint FK24l8fb5uhc25x4tswjobe9foi 
       foreign key (study_id) 
       references study (id)
Hibernate: 
    alter table series 
       add constraint FK24l8fb5uhc25x4tswjobe9foi 
       foreign key (study_id) 
       references study (id)
2026-01-01 20:44:51 [main] DEBUG org.hibernate.SQL - 
    alter table study 
       add constraint FKdrg7o8kpt69qx8h28v21w0shx 
       foreign key (patient_id) 
       references patient (id)
Hibernate: 
    alter table study 
       add constraint FKdrg7o8kpt69qx8h28v21w0shx 
       foreign key (patient_id) 
       references patient (id)
2026-01-01 20:44:52 [main] DEBUG org.hibernate.SQL - 
    alter table validation_log 
       add constraint FKbcc8u9n7t1e5avl2kwisod0ny 
       foreign key (dicom_metadata_record_id) 
       references dicom_metadata_record (id)
Hibernate: 
    alter table validation_log 
       add constraint FKbcc8u9n7t1e5avl2kwisod0ny 
       foreign key (dicom_metadata_record_id) 
       references dicom_metadata_record (id)
2026-01-01 20:44:52 [main] INFO  o.s.o.j.LocalContainerEntityManagerFactoryBean - Initialized JPA EntityManagerFactory for persistence unit 'default'
2026-01-01 20:44:52 [main] INFO  o.s.d.j.r.q.QueryEnhancerFactories - Hibernate is in classpath; If applicable, HQL parser will be used.
2026-01-01 20:44:54 [main] INFO  c.h.s.m.i.config.SeaweedFsS3Config - Initializing S3Client with endpoint: http://localhost:10405, bucket: minipacs, pathStyleAccess: true
2026-01-01 20:44:54 [main] INFO  c.h.s.m.i.config.SeaweedFsS3Config - S3Client initialized successfully
2026-01-01 20:44:54 [main] INFO  c.h.s.m.i.config.SeaweedFsS3Config - Initializing S3Presigner with endpoint: http://localhost:10405
2026-01-01 20:44:54 [main] INFO  c.h.s.m.i.config.SeaweedFsS3Config - S3Presigner initialized successfully
2026-01-01 20:44:55 [main] WARN  o.s.b.j.a.JpaBaseConfiguration$JpaWebConfiguration - spring.jpa.open-in-view is enabled by default. Therefore, database queries may be performed during view rendering. Explicitly configure spring.jpa.open-in-view to disable this warning
2026-01-01 20:44:55 [main] INFO  o.s.v.b.OptionalValidatorFactoryBean - Failed to set up a Bean Validation provider: jakarta.validation.NoProviderFoundException: Unable to create a Configuration, because no Jakarta Validation provider could be found. Add a provider like Hibernate Validator (RI) to your classpath.
2026-01-01 20:44:55 [main] DEBUG o.s.w.s.m.m.a.RequestMappingHandlerMapping - 43 mappings in 'requestMappingHandlerMapping'
2026-01-01 20:44:55 [main] DEBUG o.s.w.s.h.SimpleUrlHandlerMapping - Patterns [/webjars/**, /**, /swagger-ui*/*swagger-initializer.js, /swagger-ui*/**] in 'resourceHandlerMapping'
2026-01-01 20:44:55 [main] DEBUG o.s.w.s.m.m.a.RequestMappingHandlerAdapter - ControllerAdvice beans: 0 @ModelAttribute, 0 @InitBinder, 1 RequestBodyAdvice, 1 ResponseBodyAdvice
2026-01-01 20:44:56 [main] DEBUG o.s.w.s.m.m.a.ExceptionHandlerExceptionResolver - ControllerAdvice beans: 2 @ExceptionHandler, 1 ResponseBodyAdvice
2026-01-01 20:44:56 [main] INFO  o.s.boot.tomcat.TomcatWebServer - Tomcat started on port 10201 (http) with context path '/'
2026-01-01 20:44:56 [main] INFO  c.h.s.minipacs.MiniPacsApplication - Started MiniPacsApplication in 14.702 seconds (process running for 15.382)
2026-01-01 20:44:56 [main] INFO  c.h.s.m.i.config.SeaweedFsS3Config - S3 bucket already exists: minipacs
2026-01-01 20:45:13 [http-nio-10201-exec-1] INFO  o.a.c.c.C.[Tomcat].[localhost].[/] - Initializing Spring DispatcherServlet 'dispatcherServlet'
2026-01-01 20:45:13 [http-nio-10201-exec-1] INFO  o.s.web.servlet.DispatcherServlet - Initializing Servlet 'dispatcherServlet'
2026-01-01 20:45:13 [http-nio-10201-exec-1] DEBUG o.s.web.servlet.DispatcherServlet - Detected StandardServletMultipartResolver
2026-01-01 20:45:13 [http-nio-10201-exec-1] DEBUG o.s.web.servlet.DispatcherServlet - Detected AcceptHeaderLocaleResolver
2026-01-01 20:45:13 [http-nio-10201-exec-1] DEBUG o.s.web.servlet.DispatcherServlet - Detected org.springframework.web.servlet.view.DefaultRequestToViewNameTranslator@45c812b4
2026-01-01 20:45:13 [http-nio-10201-exec-1] DEBUG o.s.web.servlet.DispatcherServlet - Detected org.springframework.web.servlet.support.SessionFlashMapManager@52e10d07
2026-01-01 20:45:13 [http-nio-10201-exec-1] DEBUG o.s.web.servlet.DispatcherServlet - enableLoggingRequestDetails='false': request parameters and headers will be masked to prevent unsafe logging of potentially sensitive data
2026-01-01 20:45:13 [http-nio-10201-exec-1] INFO  o.s.web.servlet.DispatcherServlet - Completed initialization in 0 ms
2026-01-01 20:45:13 [http-nio-10201-exec-1] DEBUG o.s.web.servlet.DispatcherServlet - GET "/dicomweb/studies", parameters={}
2026-01-01 20:45:13 [http-nio-10201-exec-1] DEBUG o.s.w.s.m.m.a.RequestMappingHandlerMapping - Mapped to com.hanumoka.sado.minipacs.controller.DicomWebController#searchStudies(String, String, String, String, int, int)
2026-01-01 20:45:13 [http-nio-10201-exec-1] INFO  c.h.s.m.c.DicomWebController - QIDO-RS: Search studies - PatientID=null, PatientName=null, StudyDate=null, StudyInstanceUID=null
2026-01-01 20:45:13 [http-nio-10201-exec-1] DEBUG org.hibernate.SQL - 
    /* <criteria> */ select
        s1_0.id,
        s1_0.created_at,
        s1_0.number_of_instances,
        s1_0.number_of_series,
        s1_0.patient_id,
        s1_0.study_date,
        s1_0.study_description,
        s1_0.study_instance_uid,
        s1_0.tenant_id,
        s1_0.updated_at 
    from
        study s1_0
Hibernate: 
    /* <criteria> */ select
        s1_0.id,
        s1_0.created_at,
        s1_0.number_of_instances,
        s1_0.number_of_series,
        s1_0.patient_id,
        s1_0.study_date,
        s1_0.study_description,
        s1_0.study_instance_uid,
        s1_0.tenant_id,
        s1_0.updated_at 
    from
        study s1_0
2026-01-01 20:45:13 [http-nio-10201-exec-1] INFO  c.h.s.m.c.DicomWebController - QIDO-RS: Found 0 studies
2026-01-01 20:45:13 [http-nio-10201-exec-1] DEBUG o.s.w.s.m.m.a.HttpEntityMethodProcessor - Found 'Content-Type:application/dicom+json' in response
2026-01-01 20:45:13 [http-nio-10201-exec-1] DEBUG o.s.w.s.m.m.a.HttpEntityMethodProcessor - Writing [[]]
2026-01-01 20:45:13 [http-nio-10201-exec-1] DEBUG o.s.web.servlet.DispatcherServlet - Completed 200 OK
2026-01-01 20:45:43 [http-nio-10201-exec-2] DEBUG o.s.web.servlet.DispatcherServlet - POST "/api/instances/upload", parameters={multipart}
2026-01-01 20:45:43 [http-nio-10201-exec-2] DEBUG o.s.w.s.m.m.a.RequestMappingHandlerMapping - Mapped to com.hanumoka.sado.minipacs.controller.InstanceController#uploadDicom(MultipartFile)
2026-01-01 20:45:43 [http-nio-10201-exec-2] INFO  c.h.s.m.c.InstanceController - POST /api/instances/upload - filename: mr-github-sample.dcm, size: 647462 bytes
2026-01-01 20:45:44 [http-nio-10201-exec-2] DEBUG c.h.s.m.d.p.DicomMetadataExtractor - Successfully parsed DICOM date: 20161101 with pattern: yyyyMMdd
2026-01-01 20:45:44 [http-nio-10201-exec-2] ERROR c.h.s.m.d.p.DicomMetadataExtractor - Required DICOM tags are missing: StudyInstanceUID (0020,000D), SeriesInstanceUID (0020,000E)
2026-01-01 20:45:44 [http-nio-10201-exec-2] DEBUG o.s.w.s.m.m.a.ExceptionHandlerExceptionResolver - Using @ExceptionHandler com.hanumoka.sado.common.exception.GlobalExceptionHandler#handleBusinessException(BusinessException)
2026-01-01 20:45:44 [http-nio-10201-exec-2] WARN  c.h.s.c.e.GlobalExceptionHandler - BusinessException: Required DICOM tags are missing: StudyInstanceUID (0020,000D), SeriesInstanceUID (0020,000E)
2026-01-01 20:45:44 [http-nio-10201-exec-2] DEBUG o.s.w.s.m.m.a.HttpEntityMethodProcessor - Using 'application/json', given [application/json] and supported [application/json, application/*+json, application/yaml]
2026-01-01 20:45:44 [http-nio-10201-exec-2] DEBUG o.s.w.s.m.m.a.HttpEntityMethodProcessor - Writing [com.hanumoka.sado.common.dto.ApiResponse@5214ad1d]
2026-01-01 20:45:44 [http-nio-10201-exec-2] DEBUG o.s.w.s.m.m.a.ExceptionHandlerExceptionResolver - Resolved [com.hanumoka.sado.common.exception.BusinessException: Required DICOM tags are missing: StudyInstanceUID (0020,000D), SeriesInstanceUID (0020,000E)]
2026-01-01 20:45:44 [http-nio-10201-exec-2] DEBUG o.s.web.servlet.DispatcherServlet - Completed 400 BAD_REQUEST
2026-01-01 20:46:20 [http-nio-10201-exec-3] DEBUG o.s.web.servlet.DispatcherServlet - POST "/api/instances/upload", parameters={multipart}
2026-01-01 20:46:20 [http-nio-10201-exec-3] DEBUG o.s.w.s.m.m.a.RequestMappingHandlerMapping - Mapped to com.hanumoka.sado.minipacs.controller.InstanceController#uploadDicom(MultipartFile)
2026-01-01 20:46:20 [http-nio-10201-exec-3] INFO  c.h.s.m.c.InstanceController - POST /api/instances/upload - filename: jpeg_lossless_sel1.dcm, size: 50684 bytes
2026-01-01 20:46:20 [http-nio-10201-exec-3] DEBUG c.h.s.m.d.p.DicomMetadataExtractor - Successfully parsed DICOM date: 1989.02.03 with pattern: yyyy.MM.dd
2026-01-01 20:46:20 [http-nio-10201-exec-3] INFO  c.h.s.m.c.InstanceController - DICOM metadata extracted: PatientID=null, StudyUID=1.2.840.113619.2.1.2.139348932.602501178, SeriesUID=1.2.840.113619.2.1.2.139348932.2.602503099, SOPInstanceUID=1.2.840.113619.2.1.2.139348932.2.9.602503126
2026-01-01 20:46:20 [http-nio-10201-exec-3] DEBUG org.hibernate.SQL - 
    /* SELECT
        p 
    FROM
        Patient p 
    WHERE
        p.dicomPatientId IS NULL 
        AND p.issuerOfPatientId IS NULL */ select
            p1_0.id,
            p1_0.created_at,
            p1_0.dicom_patient_id,
            p1_0.emr_patient_id,
            p1_0.issuer_of_patient_id,
            p1_0.issuer_type_code,
            p1_0.matching_confidence,
            p1_0.matching_status,
            p1_0.patient_birth_date,
            p1_0.patient_name,
            p1_0.patient_sex,
            p1_0.tenant_id,
            p1_0.updated_at 
        from
            patient p1_0 
        where
            p1_0.dicom_patient_id is null 
            and p1_0.issuer_of_patient_id is null
Hibernate: 
    /* SELECT
        p 
    FROM
        Patient p 
    WHERE
        p.dicomPatientId IS NULL 
        AND p.issuerOfPatientId IS NULL */ select
            p1_0.id,
            p1_0.created_at,
            p1_0.dicom_patient_id,
            p1_0.emr_patient_id,
            p1_0.issuer_of_patient_id,
            p1_0.issuer_type_code,
            p1_0.matching_confidence,
            p1_0.matching_status,
            p1_0.patient_birth_date,
            p1_0.patient_name,
            p1_0.patient_sex,
            p1_0.tenant_id,
            p1_0.updated_at 
        from
            patient p1_0 
        where
            p1_0.dicom_patient_id is null 
            and p1_0.issuer_of_patient_id is null
2026-01-01 20:46:20 [http-nio-10201-exec-3] DEBUG org.hibernate.SQL - 
    /* insert 
    for
        com.hanumoka.sado.minipacs.domain.entity.Patient
        */insert 
    into
        patient (created_at, dicom_patient_id, emr_patient_id, issuer_of_patient_id, issuer_type_code, matching_confidence, matching_status, patient_birth_date, patient_name, patient_sex, tenant_id, updated_at) 
    values
        (?, ?, ?, ?, ?, ?, ?, ?, ?, ?, ?, ?)
Hibernate: 
    /* insert 
    for
        com.hanumoka.sado.minipacs.domain.entity.Patient
        */insert 
    into
        patient (created_at, dicom_patient_id, emr_patient_id, issuer_of_patient_id, issuer_type_code, matching_confidence, matching_status, patient_birth_date, patient_name, patient_sex, tenant_id, updated_at) 
    values
        (?, ?, ?, ?, ?, ?, ?, ?, ?, ?, ?, ?)
2026-01-01 20:46:20 [http-nio-10201-exec-3] INFO  c.h.s.m.d.service.PatientService - Created new patient: id=1, dicomPatientId=null
2026-01-01 20:46:20 [http-nio-10201-exec-3] INFO  c.h.s.m.c.InstanceController - Patient resolved: id=1, dicomPatientId=null
2026-01-01 20:46:20 [http-nio-10201-exec-3] DEBUG org.hibernate.SQL - 
    /* SELECT
        s 
    FROM
        Study s 
    WHERE
        s.studyInstanceUid = :studyInstanceUid */ select
            s1_0.id,
            s1_0.created_at,
            s1_0.number_of_instances,
            s1_0.number_of_series,
            s1_0.patient_id,
            s1_0.study_date,
            s1_0.study_description,
            s1_0.study_instance_uid,
            s1_0.tenant_id,
            s1_0.updated_at 
        from
            study s1_0 
        where
            s1_0.study_instance_uid=?
Hibernate: 
    /* SELECT
        s 
    FROM
        Study s 
    WHERE
        s.studyInstanceUid = :studyInstanceUid */ select
            s1_0.id,
            s1_0.created_at,
            s1_0.number_of_instances,
            s1_0.number_of_series,
            s1_0.patient_id,
            s1_0.study_date,
            s1_0.study_description,
            s1_0.study_instance_uid,
            s1_0.tenant_id,
            s1_0.updated_at 
        from
            study s1_0 
        where
            s1_0.study_instance_uid=?
2026-01-01 20:46:20 [http-nio-10201-exec-3] DEBUG org.hibernate.SQL - 
    /* insert 
    for
        com.hanumoka.sado.minipacs.domain.entity.Study
        */insert 
    into
        study (created_at, number_of_instances, number_of_series, patient_id, study_date, study_description, study_instance_uid, tenant_id, updated_at) 
    values
        (?, ?, ?, ?, ?, ?, ?, ?, ?)
Hibernate: 
    /* insert 
    for
        com.hanumoka.sado.minipacs.domain.entity.Study
        */insert 
    into
        study (created_at, number_of_instances, number_of_series, patient_id, study_date, study_description, study_instance_uid, tenant_id, updated_at) 
    values
        (?, ?, ?, ?, ?, ?, ?, ?, ?)
2026-01-01 20:46:20 [http-nio-10201-exec-3] INFO  c.h.s.m.domain.service.StudyService - Created new study: id=1, studyInstanceUid=1.2.840.113619.2.1.2.139348932.602501178
2026-01-01 20:46:20 [http-nio-10201-exec-3] INFO  c.h.s.m.c.InstanceController - Study resolved: id=1, studyInstanceUid=1.2.840.113619.2.1.2.139348932.602501178
2026-01-01 20:46:20 [http-nio-10201-exec-3] DEBUG org.hibernate.SQL - 
    /* SELECT
        s 
    FROM
        Series s 
    WHERE
        s.seriesInstanceUid = :seriesInstanceUid */ select
            s1_0.id,
            s1_0.body_part_examined,
            s1_0.created_at,
            s1_0.manufacturer,
            s1_0.manufacturer_model_name,
            s1_0.modality,
            s1_0.number_of_instances,
            s1_0.series_description,
            s1_0.series_instance_uid,
            s1_0.series_number,
            s1_0.study_id,
            s1_0.tenant_id,
            s1_0.updated_at 
        from
            series s1_0 
        where
            s1_0.series_instance_uid=?
Hibernate: 
    /* SELECT
        s 
    FROM
        Series s 
    WHERE
        s.seriesInstanceUid = :seriesInstanceUid */ select
            s1_0.id,
            s1_0.body_part_examined,
            s1_0.created_at,
            s1_0.manufacturer,
            s1_0.manufacturer_model_name,
            s1_0.modality,
            s1_0.number_of_instances,
            s1_0.series_description,
            s1_0.series_instance_uid,
            s1_0.series_number,
            s1_0.study_id,
            s1_0.tenant_id,
            s1_0.updated_at 
        from
            series s1_0 
        where
            s1_0.series_instance_uid=?
2026-01-01 20:46:20 [http-nio-10201-exec-3] DEBUG org.hibernate.SQL - 
    /* insert 
    for
        com.hanumoka.sado.minipacs.domain.entity.Series
        */insert 
    into
        series (body_part_examined, created_at, manufacturer, manufacturer_model_name, modality, number_of_instances, series_description, series_instance_uid, series_number, study_id, tenant_id, updated_at) 
    values
        (?, ?, ?, ?, ?, ?, ?, ?, ?, ?, ?, ?)
Hibernate: 
    /* insert 
    for
        com.hanumoka.sado.minipacs.domain.entity.Series
        */insert 
    into
        series (body_part_examined, created_at, manufacturer, manufacturer_model_name, modality, number_of_instances, series_description, series_instance_uid, series_number, study_id, tenant_id, updated_at) 
    values
        (?, ?, ?, ?, ?, ?, ?, ?, ?, ?, ?, ?)
2026-01-01 20:46:20 [http-nio-10201-exec-3] DEBUG org.hibernate.SQL - 
    /* update
        
    for
        com.hanumoka.sado.minipacs.domain.entity.Study */update study 
    set
        number_of_instances=?,
        number_of_series=?,
        patient_id=?,
        study_date=?,
        study_description=?,
        study_instance_uid=?,
        tenant_id=?,
        updated_at=? 
    where
        id=?
Hibernate: 
    /* update
        
    for
        com.hanumoka.sado.minipacs.domain.entity.Study */update study 
    set
        number_of_instances=?,
        number_of_series=?,
        patient_id=?,
        study_date=?,
        study_description=?,
        study_instance_uid=?,
        tenant_id=?,
        updated_at=? 
    where
        id=?
2026-01-01 20:46:20 [http-nio-10201-exec-3] INFO  c.h.s.m.domain.service.SeriesService - Created new series: id=1, seriesInstanceUid=1.2.840.113619.2.1.2.139348932.2.602503099, modality=MR
2026-01-01 20:46:20 [http-nio-10201-exec-3] INFO  c.h.s.m.c.InstanceController - Series resolved: id=1, seriesInstanceUid=1.2.840.113619.2.1.2.139348932.2.602503099, modality=MR
2026-01-01 20:46:20 [http-nio-10201-exec-3] INFO  c.h.s.m.s.s.SeaweedFsS3StorageService - Uploading DICOM file: bucket=minipacs, s3Key=studies/1.2.840.113619.2.1.2.139348932.602501178/series/1.2.840.113619.2.1.2.139348932.2.602503099/instances/1.2.840.113619.2.1.2.139348932.2.9.602503126.dcm, size=50684 bytes
2026-01-01 20:46:20 [http-nio-10201-exec-3] INFO  c.h.s.m.s.s.SeaweedFsS3StorageService - DICOM file uploaded successfully: s3Key=studies/1.2.840.113619.2.1.2.139348932.602501178/series/1.2.840.113619.2.1.2.139348932.2.602503099/instances/1.2.840.113619.2.1.2.139348932.2.9.602503126.dcm
2026-01-01 20:46:20 [http-nio-10201-exec-3] INFO  c.h.s.m.c.InstanceController - DICOM file uploaded to storage: s3Key=studies/1.2.840.113619.2.1.2.139348932.602501178/series/1.2.840.113619.2.1.2.139348932.2.602503099/instances/1.2.840.113619.2.1.2.139348932.2.9.602503126.dcm, originalFilename=jpeg_lossless_sel1.dcm
2026-01-01 20:46:20 [http-nio-10201-exec-3] DEBUG org.hibernate.SQL - 
    /* SELECT
        i 
    FROM
        Instance i 
    WHERE
        i.storagePath = :storagePath */ select
            i1_0.id,
            i1_0.created_at,
            i1_0.file_size,
            i1_0.frame_rate,
            i1_0.frame_rate_source,
            i1_0.image_columns,
            i1_0.image_rows,
            i1_0.instance_number,
            i1_0.number_of_frames,
            i1_0.series_id,
            i1_0.sop_class_uid,
            i1_0.sop_instance_uid,
            i1_0.storage_path,
            i1_0.storage_tier,
            i1_0.tenant_id,
            i1_0.thumbnail_path,
            i1_0.transcoding_status,
            i1_0.updated_at,
            i1_0.video_path 
        from
            instance i1_0 
        where
            i1_0.storage_path=?
Hibernate: 
    /* SELECT
        i 
    FROM
        Instance i 
    WHERE
        i.storagePath = :storagePath */ select
            i1_0.id,
            i1_0.created_at,
            i1_0.file_size,
            i1_0.frame_rate,
            i1_0.frame_rate_source,
            i1_0.image_columns,
            i1_0.image_rows,
            i1_0.instance_number,
            i1_0.number_of_frames,
            i1_0.series_id,
            i1_0.sop_class_uid,
            i1_0.sop_instance_uid,
            i1_0.storage_path,
            i1_0.storage_tier,
            i1_0.tenant_id,
            i1_0.thumbnail_path,
            i1_0.transcoding_status,
            i1_0.updated_at,
            i1_0.video_path 
        from
            instance i1_0 
        where
            i1_0.storage_path=?
2026-01-01 20:46:20 [http-nio-10201-exec-3] INFO  c.h.s.m.d.service.InstanceService - Creating new instance: sopInstanceUid=1.2.840.113619.2.1.2.139348932.2.9.602503126, seriesId=1
2026-01-01 20:46:20 [http-nio-10201-exec-3] DEBUG org.hibernate.SQL - 
    /* insert 
    for
        com.hanumoka.sado.minipacs.domain.entity.Instance
        */insert 
    into
        instance (created_at, file_size, frame_rate, frame_rate_source, image_columns, image_rows, instance_number, number_of_frames, series_id, sop_class_uid, sop_instance_uid, storage_path, storage_tier, tenant_id, thumbnail_path, transcoding_status, updated_at, video_path) 
    values
        (?, ?, ?, ?, ?, ?, ?, ?, ?, ?, ?, ?, ?, ?, ?, ?, ?, ?)
Hibernate: 
    /* insert 
    for
        com.hanumoka.sado.minipacs.domain.entity.Instance
        */insert 
    into
        instance (created_at, file_size, frame_rate, frame_rate_source, image_columns, image_rows, instance_number, number_of_frames, series_id, sop_class_uid, sop_instance_uid, storage_path, storage_tier, tenant_id, thumbnail_path, transcoding_status, updated_at, video_path) 
    values
        (?, ?, ?, ?, ?, ?, ?, ?, ?, ?, ?, ?, ?, ?, ?, ?, ?, ?)
2026-01-01 20:46:20 [http-nio-10201-exec-3] DEBUG org.hibernate.SQL - 
    /* update
        
    for
        com.hanumoka.sado.minipacs.domain.entity.Study */update study 
    set
        number_of_instances=?,
        number_of_series=?,
        patient_id=?,
        study_date=?,
        study_description=?,
        study_instance_uid=?,
        tenant_id=?,
        updated_at=? 
    where
        id=?
Hibernate: 
    /* update
        
    for
        com.hanumoka.sado.minipacs.domain.entity.Study */update study 
    set
        number_of_instances=?,
        number_of_series=?,
        patient_id=?,
        study_date=?,
        study_description=?,
        study_instance_uid=?,
        tenant_id=?,
        updated_at=? 
    where
        id=?
2026-01-01 20:46:20 [http-nio-10201-exec-3] DEBUG org.hibernate.SQL - 
    /* update
        
    for
        com.hanumoka.sado.minipacs.domain.entity.Series */update series 
    set
        body_part_examined=?,
        manufacturer=?,
        manufacturer_model_name=?,
        modality=?,
        number_of_instances=?,
        series_description=?,
        series_instance_uid=?,
        series_number=?,
        study_id=?,
        tenant_id=?,
        updated_at=? 
    where
        id=?
Hibernate: 
    /* update
        
    for
        com.hanumoka.sado.minipacs.domain.entity.Series */update series 
    set
        body_part_examined=?,
        manufacturer=?,
        manufacturer_model_name=?,
        modality=?,
        number_of_instances=?,
        series_description=?,
        series_instance_uid=?,
        series_number=?,
        study_id=?,
        tenant_id=?,
        updated_at=? 
    where
        id=?
2026-01-01 20:46:20 [http-nio-10201-exec-3] INFO  c.h.s.m.c.InstanceController - Instance created: id=1, sopInstanceUid=1.2.840.113619.2.1.2.139348932.2.9.602503126, s3Key=studies/1.2.840.113619.2.1.2.139348932.602501178/series/1.2.840.113619.2.1.2.139348932.2.602503099/instances/1.2.840.113619.2.1.2.139348932.2.9.602503126.dcm, seriesId=1
2026-01-01 20:46:20 [http-nio-10201-exec-3] DEBUG org.hibernate.SQL - 
    /* insert 
    for
        com.hanumoka.sado.minipacs.domain.entity.DicomMetadataRecord
        */insert 
    into
        dicom_metadata_record (created_at, file_hash, file_path, file_size, filename, is_immutable, instance_id, metadata, series_instance_uid, sop_instance_uid, study_instance_uid, tenant_id, updated_at) 
    values
        (?, ?, ?, ?, ?, ?, ?, ?, ?, ?, ?, ?, ?)
Hibernate: 
    /* insert 
    for
        com.hanumoka.sado.minipacs.domain.entity.DicomMetadataRecord
        */insert 
    into
        dicom_metadata_record (created_at, file_hash, file_path, file_size, filename, is_immutable, instance_id, metadata, series_instance_uid, sop_instance_uid, study_instance_uid, tenant_id, updated_at) 
    values
        (?, ?, ?, ?, ?, ?, ?, ?, ?, ?, ?, ?, ?)
2026-01-01 20:46:20 [http-nio-10201-exec-3] INFO  c.h.s.m.c.InstanceController - DicomMetadataRecord created: instanceId=1, sopInstanceUid=1.2.840.113619.2.1.2.139348932.2.9.602503126
2026-01-01 20:46:20 [http-nio-10201-exec-3] DEBUG org.hibernate.SQL - 
    /* insert 
    for
        com.hanumoka.sado.minipacs.domain.entity.FileAsset
        */insert 
    into
        file_assets (category, checksum, created_at, expires_at, file_name, file_size, last_accessed_at, metadata, mime_type, reference_id, reference_type, status, storage_path, storage_tier, tenant_id, updated_at) 
    values
        (?, ?, ?, ?, ?, ?, ?, ?, ?, ?, ?, ?, ?, ?, ?, ?)
Hibernate: 
    /* insert 
    for
        com.hanumoka.sado.minipacs.domain.entity.FileAsset
        */insert 
    into
        file_assets (category, checksum, created_at, expires_at, file_name, file_size, last_accessed_at, metadata, mime_type, reference_id, reference_type, status, storage_path, storage_tier, tenant_id, updated_at) 
    values
        (?, ?, ?, ?, ?, ?, ?, ?, ?, ?, ?, ?, ?, ?, ?, ?)
2026-01-01 20:46:20 [http-nio-10201-exec-3] INFO  c.h.s.m.c.InstanceController - FileAsset created: id=1, instanceId=1, storagePath=studies/1.2.840.113619.2.1.2.139348932.602501178/series/1.2.840.113619.2.1.2.139348932.2.602503099/instances/1.2.840.113619.2.1.2.139348932.2.9.602503126.dcm
2026-01-01 20:46:20 [http-nio-10201-exec-3] DEBUG o.s.w.s.m.m.a.RequestResponseBodyMethodProcessor - Using 'application/json', given [application/json] and supported [application/json, application/*+json, application/yaml]
2026-01-01 20:46:20 [http-nio-10201-exec-3] DEBUG o.s.w.s.m.m.a.RequestResponseBodyMethodProcessor - Writing [com.hanumoka.sado.common.dto.ApiResponse@7d9f9af7]
2026-01-01 20:46:20 [http-nio-10201-exec-3] DEBUG o.s.web.servlet.DispatcherServlet - Completed 200 OK
2026-01-01 21:00:00 [scheduling-1] INFO  c.h.s.m.s.FileAssetCleanupScheduler - Starting FileAsset expiration check...
2026-01-01 21:00:00 [scheduling-1] DEBUG org.hibernate.SQL - 
    /* SELECT
        f 
    FROM
        FileAsset f 
    WHERE
        f.status = 'ACTIVE' 
        AND f.expiresAt IS NOT NULL 
        AND f.expiresAt < :now */ select
            fa1_0.id,
            fa1_0.category,
            fa1_0.checksum,
            fa1_0.created_at,
            fa1_0.expires_at,
            fa1_0.file_name,
            fa1_0.file_size,
            fa1_0.last_accessed_at,
            fa1_0.metadata,
            fa1_0.mime_type,
            fa1_0.reference_id,
            fa1_0.reference_type,
            fa1_0.status,
            fa1_0.storage_path,
            fa1_0.storage_tier,
            fa1_0.tenant_id,
            fa1_0.updated_at 
        from
            file_assets fa1_0 
        where
            fa1_0.status='ACTIVE' 
            and fa1_0.expires_at is not null 
            and fa1_0.expires_at<?
Hibernate: 
    /* SELECT
        f 
    FROM
        FileAsset f 
    WHERE
        f.status = 'ACTIVE' 
        AND f.expiresAt IS NOT NULL 
        AND f.expiresAt < :now */ select
            fa1_0.id,
            fa1_0.category,
            fa1_0.checksum,
            fa1_0.created_at,
            fa1_0.expires_at,
            fa1_0.file_name,
            fa1_0.file_size,
            fa1_0.last_accessed_at,
            fa1_0.metadata,
            fa1_0.mime_type,
            fa1_0.reference_id,
            fa1_0.reference_type,
            fa1_0.status,
            fa1_0.storage_path,
            fa1_0.storage_tier,
            fa1_0.tenant_id,
            fa1_0.updated_at 
        from
            file_assets fa1_0 
        where
            fa1_0.status='ACTIVE' 
            and fa1_0.expires_at is not null 
            and fa1_0.expires_at<?
2026-01-01 21:00:00 [scheduling-1] INFO  c.h.s.m.s.FileAssetCleanupScheduler - No expired files found

> Task :sado-minipacs:bootRun FAILED

[Incubating] Problems report is available at: file:///C:/Users/amagr/project/sado/sado_be/build/reports/problems/problems-report.html

FAILURE: Build failed with an exception.

* What went wrong:
Execution failed for task ':sado-minipacs:bootRun'.
> Process 'command 'C:\Program Files\OpenJDK\jdk-21.0.2\bin\java.exe'' finished with non-zero exit value -1

* Try:
> Run with --stacktrace option to get the stack trace.
> Run with --info or --debug option to get more log output.
> Run with --scan to generate a Build Scan (powered by Develocity).
> Get more help at https://help.gradle.org.

Deprecated Gradle features were used in this build, making it incompatible with Gradle 10.

You can use '--warning-mode all' to show the individual deprecation warnings and determine if they come from your own scripts or plugins.

For more on this, please refer to https://docs.gradle.org/9.2.1/userguide/command_line_interface.html#sec:command_line_warnings in the Gradle documentation.

BUILD FAILED in 43m 37s
6 actionable tasks: 2 executed, 4 up-to-date
